// Jest Snapshot v1, https://goo.gl/fbAQLP

exports[`clearResources MobX clearResources clears the store for the provided resources 1`] = `
Object {
  "checklists": Object {},
  "tasks": Object {},
}
`;
