// Jest Snapshot v1, https://goo.gl/fbAQLP

exports[`removeResource MobX removeResource clears the store for the provided resources 1`] = `
Object {
  "checklists": Object {
    "2": Object {},
  },
}
`;
